2026-04-24 21:12:13 | INFO     | __main__ | Run ID: 20260425_021213_4cd826
2026-04-24 21:12:13 | INFO     | __main__ | Config: configs\ablations\no_feature_selection.yaml
2026-04-24 21:12:13 | INFO     | __main__ | Global seed: 42
2026-04-24 21:12:13 | INFO     | src.data.loader | Loading data\UNSW_NB15_training-set.csv
2026-04-24 21:12:14 | INFO     | src.data.loader | Loaded 82332 rows × 45 cols from data\UNSW_NB15_training-set.csv
2026-04-24 21:12:14 | INFO     | src.data.loader | Loading data\UNSW_NB15_testing-set.csv
2026-04-24 21:12:14 | INFO     | src.data.loader | Loaded 175341 rows × 45 cols from data\UNSW_NB15_testing-set.csv
2026-04-24 21:12:14 | INFO     | src.data.loader | Train: 82332 samples | Test: 175341 samples | Task: multiclass
2026-04-24 21:12:14 | INFO     | src.data.loader | Train class distribution: Normal=37000(44.9%) | Analysis=677(0.8%) | Backdoor=583(0.7%) | DoS=4089(5.0%) | Exploits=11132(13.5%) | Fuzzers=6062(7.4%) | Generic=18871(22.9%) | Reconnaissance=3496(4.2%) | Shellcode=378(0.5%) | Worms=44(0.1%)
2026-04-24 21:12:14 | INFO     | src.data.loader | Test class distribution: Normal=56000(31.9%) | Analysis=2000(1.1%) | Backdoor=1746(1.0%) | DoS=12264(7.0%) | Exploits=33393(19.0%) | Fuzzers=18184(10.4%) | Generic=40000(22.8%) | Reconnaissance=10491(6.0%) | Shellcode=1133(0.6%) | Worms=130(0.1%)
2026-04-24 21:12:14 | INFO     | src.pipeline.fold_runner | ═══ Outer fold 1/5  (train=65865, val=16467) ═══
2026-04-24 21:13:09 | INFO     | src.select.consensus | Consensus selection: chosen_k=36 | top features: ['bytes_per_pkt_total', 'ct_srv_dst', 'mean_pkt_src', 'ct_dst_src_ltm', 'sttl']
2026-04-24 21:13:09 | INFO     | src.pipeline.fold_runner | Fold 0: selected 36 features. Top-5: ['bytes_per_pkt_total', 'ct_srv_dst', 'mean_pkt_src', 'ct_dst_src_ltm', 'sttl']
2026-04-24 21:13:09 | INFO     | src.pipeline.fold_runner | Fold 0: Running HP search (n_iter=20, n_cv=3) on 65865 samples, 59 features.
2026-04-24 21:13:09 | INFO     | src.models.tuner | HP search: random_forest         n_iter=20  n_cv=3
2026-04-24 21:14:21 | INFO     | src.models.tuner |   random_forest → score=0.5927  params={'n_estimators': 400, 'min_samples_split': 20, 'max_features': 'sqrt', 'max_depth': None}
2026-04-24 21:14:21 | INFO     | src.models.tuner | HP search: extra_trees           n_iter=20  n_cv=3
2026-04-24 21:15:51 | INFO     | src.models.tuner |   extra_trees → score=0.6103  params={'n_estimators': 300, 'min_samples_split': 10, 'max_features': 0.75, 'max_depth': None}
2026-04-24 21:15:51 | INFO     | src.models.tuner | HP search: xgboost               n_iter=20  n_cv=3
2026-04-24 21:19:02 | INFO     | src.models.tuner |   xgboost → score=0.5875  params={'subsample': 0.9, 'n_estimators': 200, 'min_child_weight': 7, 'max_depth': 5, 'learning_rate': 0.1, 'colsample_bytree': 0.9}
2026-04-24 21:19:02 | INFO     | src.models.tuner | HP search: knn                   n_iter=20  n_cv=3
2026-04-24 21:21:03 | INFO     | src.models.tuner |   knn → score=0.4893  params={'n_neighbors': 5, 'metric': 'manhattan'}
2026-04-24 21:21:03 | INFO     | src.pipeline.fold_runner | Fold 0: HP search complete. Tuned params: {'random_forest': {'n_estimators': 400, 'min_samples_split': 20, 'max_features': 'sqrt', 'max_depth': None}, 'extra_trees': {'n_estimators': 300, 'min_samples_split': 10, 'max_features': 0.75, 'max_depth': None}, 'xgboost': {'subsample': 0.9, 'n_estimators': 200, 'min_child_weight': 7, 'max_depth': 5, 'learning_rate': 0.1, 'colsample_bytree': 0.9}, 'knn': {'n_neighbors': 5, 'metric': 'manhattan'}}
2026-04-24 21:21:03 | INFO     | src.ensemble.combiner | Collecting OOF probabilities (4 models)…
2026-04-24 21:22:26 | INFO     | src.ensemble.combiner | random_forest calibration method: isotonic
2026-04-24 21:22:26 | INFO     | src.ensemble.combiner | extra_trees calibration method: isotonic
2026-04-24 21:22:26 | INFO     | src.ensemble.combiner | xgboost calibration method: isotonic
2026-04-24 21:22:27 | INFO     | src.ensemble.combiner | knn calibration method: isotonic
2026-04-24 21:22:27 | INFO     | src.ensemble.weighted_avg | Model random_forest: macro_f1=0.5986 log_loss=0.3271 ECE=0.0274 → raw_w=1.7798
2026-04-24 21:22:27 | INFO     | src.ensemble.weighted_avg | Model extra_trees: macro_f1=0.6203 log_loss=0.3490 ECE=0.0339 → raw_w=1.7172
2026-04-24 21:22:27 | INFO     | src.ensemble.weighted_avg | Model xgboost: macro_f1=0.6182 log_loss=0.2937 ECE=0.0035 → raw_w=2.0977
2026-04-24 21:22:27 | INFO     | src.ensemble.weighted_avg | Model knn: macro_f1=0.4830 log_loss=0.5020 ECE=0.0477 → raw_w=0.9164
2026-04-24 21:22:27 | INFO     | src.ensemble.weighted_avg | Normalised model weights: {'random_forest': 0.2677321274308875, 'extra_trees': 0.2514673445700449, 'xgboost': 0.36789413968521156, 'knn': 0.11290638831385603}
2026-04-24 21:22:33 | INFO     | src.ensemble.stacker | MetaStacker fitted. Method: logistic
2026-04-24 21:22:38 | INFO     | src.ensemble.stacker | MetaStacker fitted. Method: logistic
2026-04-24 21:22:43 | INFO     | src.ensemble.stacker | MetaStacker fitted. Method: logistic
2026-04-24 21:28:10 | INFO     | src.ensemble.stacker | Stacker selection: LR Brier=0.0182  GB Brier=0.0140
2026-04-24 21:28:19 | INFO     | src.ensemble.stacker | MetaStacker fitted. Method: logistic
2026-04-24 21:28:21 | INFO     | src.ensemble.gate | Gate selection: Ridge MSE=0.11103  Tree MSE=0.09703
2026-04-24 21:28:21 | INFO     | src.ensemble.gate | DisagreementGate fitted. Model: tree. β* mean=0.479 std=0.492
2026-04-24 21:28:21 | INFO     | src.ensemble.combiner | Refitting 4 base models on full outer-training set…
2026-04-24 21:28:29 | INFO     | src.ensemble.combiner | EnsembleCombiner.fit() complete.
2026-04-24 21:28:37 | INFO     | src.pipeline.fold_runner | Fold 0 | p_weighted                     macro_F1=0.6371  weighted_F1=0.8838  ECE=0.0321
2026-04-24 21:28:37 | INFO     | src.pipeline.fold_runner | Fold 0 | p_stack                        macro_F1=0.5920  weighted_F1=0.8800  ECE=0.0220
2026-04-24 21:28:37 | INFO     | src.pipeline.fold_runner | Fold 0 | p_final                        macro_F1=0.6419  weighted_F1=0.8880  ECE=0.0268
2026-04-24 21:28:37 | INFO     | src.pipeline.fold_runner | Fold 0 | base_random_forest             macro_F1=0.6142  weighted_F1=0.8793  ECE=0.0424
2026-04-24 21:28:37 | INFO     | src.pipeline.fold_runner | Fold 0 | cal_random_forest              macro_F1=0.6127  weighted_F1=0.8799  ECE=0.0263
2026-04-24 21:28:37 | INFO     | src.pipeline.fold_runner | Fold 0 | base_extra_trees               macro_F1=0.6060  weighted_F1=0.8809  ECE=0.0320
2026-04-24 21:28:37 | INFO     | src.pipeline.fold_runner | Fold 0 | cal_extra_trees                macro_F1=0.6299  weighted_F1=0.8853  ECE=0.0307
2026-04-24 21:28:37 | INFO     | src.pipeline.fold_runner | Fold 0 | base_xgboost                   macro_F1=0.5924  weighted_F1=0.8807  ECE=0.0128
2026-04-24 21:28:37 | INFO     | src.pipeline.fold_runner | Fold 0 | cal_xgboost                    macro_F1=0.6139  weighted_F1=0.8806  ECE=0.0040
2026-04-24 21:28:37 | INFO     | src.pipeline.fold_runner | Fold 0 | base_knn                       macro_F1=0.5226  weighted_F1=0.8448  ECE=0.0360
2026-04-24 21:28:37 | INFO     | src.pipeline.fold_runner | Fold 0 | cal_knn                        macro_F1=0.5084  weighted_F1=0.8450  ECE=0.0443
2026-04-24 21:28:37 | INFO     | src.pipeline.fold_runner | ═══ Outer fold 2/5  (train=65865, val=16467) ═══
2026-04-24 21:29:31 | INFO     | src.select.consensus | Consensus selection: chosen_k=42 | top features: ['proto', 'rate_per_pkt', 'load_per_pkt', 'bytes_per_pkt_total', 'ttl_diff']
2026-04-24 21:29:31 | INFO     | src.pipeline.fold_runner | Fold 1: selected 42 features. Top-5: ['proto', 'rate_per_pkt', 'load_per_pkt', 'bytes_per_pkt_total', 'ttl_diff']
2026-04-24 21:29:31 | INFO     | src.pipeline.fold_runner | Fold 1: Running HP search (n_iter=20, n_cv=3) on 65865 samples, 59 features.
2026-04-24 21:29:31 | INFO     | src.models.tuner | HP search: random_forest         n_iter=20  n_cv=3
2026-04-24 21:30:43 | INFO     | src.models.tuner |   random_forest → score=0.5897  params={'n_estimators': 400, 'min_samples_split': 10, 'max_features': 'log2', 'max_depth': 20}
2026-04-24 21:30:43 | INFO     | src.models.tuner | HP search: extra_trees           n_iter=20  n_cv=3
2026-04-24 21:32:18 | INFO     | src.models.tuner |   extra_trees → score=0.5948  params={'n_estimators': 300, 'min_samples_split': 10, 'max_features': 0.75, 'max_depth': None}
2026-04-24 21:32:18 | INFO     | src.models.tuner | HP search: xgboost               n_iter=20  n_cv=3
2026-04-24 21:35:26 | INFO     | src.models.tuner |   xgboost → score=0.5827  params={'subsample': 1.0, 'n_estimators': 200, 'min_child_weight': 5, 'max_depth': 4, 'learning_rate': 0.15, 'colsample_bytree': 0.9}
2026-04-24 21:35:26 | INFO     | src.models.tuner | HP search: knn                   n_iter=20  n_cv=3
2026-04-24 21:37:26 | INFO     | src.models.tuner |   knn → score=0.4968  params={'n_neighbors': 5, 'metric': 'manhattan'}
2026-04-24 21:37:26 | INFO     | src.pipeline.fold_runner | Fold 1: HP search complete. Tuned params: {'random_forest': {'n_estimators': 400, 'min_samples_split': 10, 'max_features': 'log2', 'max_depth': 20}, 'extra_trees': {'n_estimators': 300, 'min_samples_split': 10, 'max_features': 0.75, 'max_depth': None}, 'xgboost': {'subsample': 1.0, 'n_estimators': 200, 'min_child_weight': 5, 'max_depth': 4, 'learning_rate': 0.15, 'colsample_bytree': 0.9}, 'knn': {'n_neighbors': 5, 'metric': 'manhattan'}}
2026-04-24 21:37:26 | INFO     | src.ensemble.combiner | Collecting OOF probabilities (4 models)…
2026-04-24 21:38:42 | INFO     | src.ensemble.combiner | random_forest calibration method: isotonic
2026-04-24 21:38:42 | INFO     | src.ensemble.combiner | extra_trees calibration method: isotonic
2026-04-24 21:38:42 | INFO     | src.ensemble.combiner | xgboost calibration method: isotonic
2026-04-24 21:38:42 | INFO     | src.ensemble.combiner | knn calibration method: isotonic
2026-04-24 21:38:42 | INFO     | src.ensemble.weighted_avg | Model random_forest: macro_f1=0.6183 log_loss=0.3365 ECE=0.0274 → raw_w=1.7869
2026-04-24 21:38:42 | INFO     | src.ensemble.weighted_avg | Model extra_trees: macro_f1=0.6176 log_loss=0.3471 ECE=0.0344 → raw_w=1.7183
2026-04-24 21:38:42 | INFO     | src.ensemble.weighted_avg | Model xgboost: macro_f1=0.5977 log_loss=0.2972 ECE=0.0032 → raw_w=2.0045
2026-04-24 21:38:42 | INFO     | src.ensemble.weighted_avg | Model knn: macro_f1=0.5019 log_loss=0.4950 ECE=0.0470 → raw_w=0.9663
2026-04-24 21:38:42 | INFO     | src.ensemble.weighted_avg | Normalised model weights: {'random_forest': 0.27646507590670233, 'extra_trees': 0.258149515322024, 'xgboost': 0.343695560377234, 'knn': 0.12168984839403964}
2026-04-24 21:38:47 | INFO     | src.ensemble.stacker | MetaStacker fitted. Method: logistic
2026-04-24 21:38:52 | INFO     | src.ensemble.stacker | MetaStacker fitted. Method: logistic
2026-04-24 21:38:58 | INFO     | src.ensemble.stacker | MetaStacker fitted. Method: logistic
2026-04-24 21:44:32 | INFO     | src.ensemble.stacker | Stacker selection: LR Brier=0.0184  GB Brier=0.0141
2026-04-24 21:44:41 | INFO     | src.ensemble.stacker | MetaStacker fitted. Method: logistic
2026-04-24 21:44:42 | INFO     | src.ensemble.gate | Gate selection: Ridge MSE=0.12723  Tree MSE=0.09279
2026-04-24 21:44:43 | INFO     | src.ensemble.gate | DisagreementGate fitted. Model: tree. β* mean=0.503 std=0.493
2026-04-24 21:44:43 | INFO     | src.ensemble.combiner | Refitting 4 base models on full outer-training set…
2026-04-24 21:44:50 | INFO     | src.ensemble.combiner | EnsembleCombiner.fit() complete.
2026-04-24 21:44:58 | INFO     | src.pipeline.fold_runner | Fold 1 | p_weighted                     macro_F1=0.6056  weighted_F1=0.8866  ECE=0.0373
2026-04-24 21:44:58 | INFO     | src.pipeline.fold_runner | Fold 1 | p_stack                        macro_F1=0.5938  weighted_F1=0.8822  ECE=0.0207
2026-04-24 21:44:58 | INFO     | src.pipeline.fold_runner | Fold 1 | p_final                        macro_F1=0.6416  weighted_F1=0.8926  ECE=0.0255
2026-04-24 21:44:58 | INFO     | src.pipeline.fold_runner | Fold 1 | base_random_forest             macro_F1=0.5954  weighted_F1=0.8817  ECE=0.0427
2026-04-24 21:44:58 | INFO     | src.pipeline.fold_runner | Fold 1 | cal_random_forest              macro_F1=0.5907  weighted_F1=0.8805  ECE=0.0291
2026-04-24 21:44:58 | INFO     | src.pipeline.fold_runner | Fold 1 | base_extra_trees               macro_F1=0.6041  weighted_F1=0.8841  ECE=0.0327
2026-04-24 21:44:58 | INFO     | src.pipeline.fold_runner | Fold 1 | cal_extra_trees                macro_F1=0.6001  weighted_F1=0.8858  ECE=0.0338
2026-04-24 21:44:58 | INFO     | src.pipeline.fold_runner | Fold 1 | base_xgboost                   macro_F1=0.5894  weighted_F1=0.8831  ECE=0.0146
2026-04-24 21:44:58 | INFO     | src.pipeline.fold_runner | Fold 1 | cal_xgboost                    macro_F1=0.5926  weighted_F1=0.8843  ECE=0.0060
2026-04-24 21:44:58 | INFO     | src.pipeline.fold_runner | Fold 1 | base_knn                       macro_F1=0.5008  weighted_F1=0.8443  ECE=0.0378
2026-04-24 21:44:58 | INFO     | src.pipeline.fold_runner | Fold 1 | cal_knn                        macro_F1=0.4794  weighted_F1=0.8452  ECE=0.0442
2026-04-24 21:44:58 | INFO     | src.pipeline.fold_runner | ═══ Outer fold 3/5  (train=65866, val=16466) ═══
2026-04-24 21:45:51 | INFO     | src.select.consensus | Consensus selection: chosen_k=50 | top features: ['state', 'service', 'proto', 'load_per_pkt', 'rate_per_pkt']
2026-04-24 21:45:51 | INFO     | src.pipeline.fold_runner | Fold 2: selected 50 features. Top-5: ['state', 'service', 'proto', 'load_per_pkt', 'rate_per_pkt']
2026-04-24 21:45:51 | INFO     | src.pipeline.fold_runner | Fold 2: Running HP search (n_iter=20, n_cv=3) on 65866 samples, 59 features.
2026-04-24 21:45:51 | INFO     | src.models.tuner | HP search: random_forest         n_iter=20  n_cv=3
2026-04-24 21:47:03 | INFO     | src.models.tuner |   random_forest → score=0.6064  params={'n_estimators': 100, 'min_samples_split': 10, 'max_features': 'sqrt', 'max_depth': 20}
2026-04-24 21:47:03 | INFO     | src.models.tuner | HP search: extra_trees           n_iter=20  n_cv=3
2026-04-24 21:48:34 | INFO     | src.models.tuner |   extra_trees → score=0.6019  params={'n_estimators': 500, 'min_samples_split': 5, 'max_features': 0.3, 'max_depth': 20}
2026-04-24 21:48:34 | INFO     | src.models.tuner | HP search: xgboost               n_iter=20  n_cv=3
2026-04-24 21:51:42 | INFO     | src.models.tuner |   xgboost → score=0.5934  params={'subsample': 1.0, 'n_estimators': 400, 'min_child_weight': 1, 'max_depth': 5, 'learning_rate': 0.1, 'colsample_bytree': 0.7}
2026-04-24 21:51:42 | INFO     | src.models.tuner | HP search: knn                   n_iter=20  n_cv=3
2026-04-24 21:53:40 | INFO     | src.models.tuner |   knn → score=0.4849  params={'n_neighbors': 5, 'metric': 'manhattan'}
2026-04-24 21:53:40 | INFO     | src.pipeline.fold_runner | Fold 2: HP search complete. Tuned params: {'random_forest': {'n_estimators': 100, 'min_samples_split': 10, 'max_features': 'sqrt', 'max_depth': 20}, 'extra_trees': {'n_estimators': 500, 'min_samples_split': 5, 'max_features': 0.3, 'max_depth': 20}, 'xgboost': {'subsample': 1.0, 'n_estimators': 400, 'min_child_weight': 1, 'max_depth': 5, 'learning_rate': 0.1, 'colsample_bytree': 0.7}, 'knn': {'n_neighbors': 5, 'metric': 'manhattan'}}
2026-04-24 21:53:41 | INFO     | src.ensemble.combiner | Collecting OOF probabilities (4 models)…
2026-04-24 21:55:11 | INFO     | src.ensemble.combiner | random_forest calibration method: isotonic
2026-04-24 21:55:11 | INFO     | src.ensemble.combiner | extra_trees calibration method: isotonic
2026-04-24 21:55:11 | INFO     | src.ensemble.combiner | xgboost calibration method: isotonic
2026-04-24 21:55:11 | INFO     | src.ensemble.combiner | knn calibration method: isotonic
2026-04-24 21:55:11 | INFO     | src.ensemble.weighted_avg | Model random_forest: macro_f1=0.6088 log_loss=0.3316 ECE=0.0262 → raw_w=1.7877
2026-04-24 21:55:11 | INFO     | src.ensemble.weighted_avg | Model extra_trees: macro_f1=0.6188 log_loss=0.3193 ECE=0.0284 → raw_w=1.8831
2026-04-24 21:55:11 | INFO     | src.ensemble.weighted_avg | Model xgboost: macro_f1=0.6199 log_loss=0.2841 ECE=0.0028 → raw_w=2.1755
2026-04-24 21:55:11 | INFO     | src.ensemble.weighted_avg | Model knn: macro_f1=0.4945 log_loss=0.4965 ECE=0.0476 → raw_w=0.9484
2026-04-24 21:55:11 | INFO     | src.ensemble.weighted_avg | Normalised model weights: {'random_forest': 0.24963179415887263, 'extra_trees': 0.27461831599526676, 'xgboost': 0.3679036415210693, 'knn': 0.10784624832479134}
2026-04-24 21:55:18 | INFO     | src.ensemble.stacker | MetaStacker fitted. Method: logistic
2026-04-24 21:55:24 | INFO     | src.ensemble.stacker | MetaStacker fitted. Method: logistic
2026-04-24 21:55:30 | INFO     | src.ensemble.stacker | MetaStacker fitted. Method: logistic
2026-04-24 22:01:12 | INFO     | src.ensemble.stacker | Stacker selection: LR Brier=0.0183  GB Brier=0.0141
2026-04-24 22:01:22 | INFO     | src.ensemble.stacker | MetaStacker fitted. Method: logistic
2026-04-24 22:01:23 | INFO     | src.ensemble.gate | Gate selection: Ridge MSE=0.12350  Tree MSE=0.09136
2026-04-24 22:01:24 | INFO     | src.ensemble.gate | DisagreementGate fitted. Model: tree. β* mean=0.492 std=0.491
2026-04-24 22:01:24 | INFO     | src.ensemble.combiner | Refitting 4 base models on full outer-training set…
2026-04-24 22:01:33 | INFO     | src.ensemble.combiner | EnsembleCombiner.fit() complete.
2026-04-24 22:01:41 | INFO     | src.pipeline.fold_runner | Fold 2 | p_weighted                     macro_F1=0.6070  weighted_F1=0.8838  ECE=0.0293
2026-04-24 22:01:41 | INFO     | src.pipeline.fold_runner | Fold 2 | p_stack                        macro_F1=0.5995  weighted_F1=0.8803  ECE=0.0211
2026-04-24 22:01:41 | INFO     | src.pipeline.fold_runner | Fold 2 | p_final                        macro_F1=0.6551  weighted_F1=0.8887  ECE=0.0240
2026-04-24 22:01:41 | INFO     | src.pipeline.fold_runner | Fold 2 | base_random_forest             macro_F1=0.6027  weighted_F1=0.8813  ECE=0.0344
2026-04-24 22:01:41 | INFO     | src.pipeline.fold_runner | Fold 2 | cal_random_forest              macro_F1=0.5807  weighted_F1=0.8778  ECE=0.0294
2026-04-24 22:01:41 | INFO     | src.pipeline.fold_runner | Fold 2 | base_extra_trees               macro_F1=0.6051  weighted_F1=0.8810  ECE=0.0416
2026-04-24 22:01:41 | INFO     | src.pipeline.fold_runner | Fold 2 | cal_extra_trees                macro_F1=0.6001  weighted_F1=0.8789  ECE=0.0285
2026-04-24 22:01:41 | INFO     | src.pipeline.fold_runner | Fold 2 | base_xgboost                   macro_F1=0.6071  weighted_F1=0.8822  ECE=0.0062
2026-04-24 22:01:41 | INFO     | src.pipeline.fold_runner | Fold 2 | cal_xgboost                    macro_F1=0.6142  weighted_F1=0.8841  ECE=0.0059
2026-04-24 22:01:41 | INFO     | src.pipeline.fold_runner | Fold 2 | base_knn                       macro_F1=0.5196  weighted_F1=0.8401  ECE=0.0418
2026-04-24 22:01:41 | INFO     | src.pipeline.fold_runner | Fold 2 | cal_knn                        macro_F1=0.5120  weighted_F1=0.8425  ECE=0.0477
2026-04-24 22:01:41 | INFO     | src.pipeline.fold_runner | ═══ Outer fold 4/5  (train=65866, val=16466) ═══
2026-04-24 22:02:37 | INFO     | src.select.consensus | Consensus selection: chosen_k=50 | top features: ['state', 'service', 'proto', 'load_per_pkt', 'rate_per_pkt']
2026-04-24 22:02:37 | INFO     | src.pipeline.fold_runner | Fold 3: selected 50 features. Top-5: ['state', 'service', 'proto', 'load_per_pkt', 'rate_per_pkt']
2026-04-24 22:02:37 | INFO     | src.pipeline.fold_runner | Fold 3: Running HP search (n_iter=20, n_cv=3) on 65866 samples, 59 features.
2026-04-24 22:02:37 | INFO     | src.models.tuner | HP search: random_forest         n_iter=20  n_cv=3
2026-04-24 22:03:48 | INFO     | src.models.tuner |   random_forest → score=0.6003  params={'n_estimators': 100, 'min_samples_split': 10, 'max_features': 'sqrt', 'max_depth': 20}
2026-04-24 22:03:48 | INFO     | src.models.tuner | HP search: extra_trees           n_iter=20  n_cv=3
2026-04-24 22:05:23 | INFO     | src.models.tuner |   extra_trees → score=0.5993  params={'n_estimators': 500, 'min_samples_split': 5, 'max_features': 0.3, 'max_depth': 20}
2026-04-24 22:05:23 | INFO     | src.models.tuner | HP search: xgboost               n_iter=20  n_cv=3
2026-04-24 22:08:33 | INFO     | src.models.tuner |   xgboost → score=0.5864  params={'subsample': 1.0, 'n_estimators': 200, 'min_child_weight': 5, 'max_depth': 4, 'learning_rate': 0.15, 'colsample_bytree': 0.9}
2026-04-24 22:08:33 | INFO     | src.models.tuner | HP search: knn                   n_iter=20  n_cv=3
2026-04-24 22:10:33 | INFO     | src.models.tuner |   knn → score=0.4935  params={'n_neighbors': 5, 'metric': 'manhattan'}
2026-04-24 22:10:33 | INFO     | src.pipeline.fold_runner | Fold 3: HP search complete. Tuned params: {'random_forest': {'n_estimators': 100, 'min_samples_split': 10, 'max_features': 'sqrt', 'max_depth': 20}, 'extra_trees': {'n_estimators': 500, 'min_samples_split': 5, 'max_features': 0.3, 'max_depth': 20}, 'xgboost': {'subsample': 1.0, 'n_estimators': 200, 'min_child_weight': 5, 'max_depth': 4, 'learning_rate': 0.15, 'colsample_bytree': 0.9}, 'knn': {'n_neighbors': 5, 'metric': 'manhattan'}}
2026-04-24 22:10:33 | INFO     | src.ensemble.combiner | Collecting OOF probabilities (4 models)…
2026-04-24 22:11:44 | INFO     | src.ensemble.combiner | random_forest calibration method: isotonic
2026-04-24 22:11:44 | INFO     | src.ensemble.combiner | extra_trees calibration method: isotonic
2026-04-24 22:11:44 | INFO     | src.ensemble.combiner | xgboost calibration method: isotonic
2026-04-24 22:11:44 | INFO     | src.ensemble.combiner | knn calibration method: isotonic
2026-04-24 22:11:44 | INFO     | src.ensemble.weighted_avg | Model random_forest: macro_f1=0.6018 log_loss=0.3321 ECE=0.0279 → raw_w=1.7617
2026-04-24 22:11:44 | INFO     | src.ensemble.weighted_avg | Model extra_trees: macro_f1=0.6021 log_loss=0.3203 ECE=0.0265 → raw_w=1.8299
2026-04-24 22:11:44 | INFO     | src.ensemble.weighted_avg | Model xgboost: macro_f1=0.6192 log_loss=0.2956 ECE=0.0031 → raw_w=2.0881
2026-04-24 22:11:44 | INFO     | src.ensemble.weighted_avg | Model knn: macro_f1=0.5044 log_loss=0.4941 ECE=0.0459 → raw_w=0.9739
2026-04-24 22:11:44 | INFO     | src.ensemble.weighted_avg | Normalised model weights: {'random_forest': 0.2556725464424198, 'extra_trees': 0.2736932080509919, 'xgboost': 0.3543421730300502, 'knn': 0.1162920724765382}
2026-04-24 22:11:50 | INFO     | src.ensemble.stacker | MetaStacker fitted. Method: logistic
2026-04-24 22:11:55 | INFO     | src.ensemble.stacker | MetaStacker fitted. Method: logistic
2026-04-24 22:12:00 | INFO     | src.ensemble.stacker | MetaStacker fitted. Method: logistic
2026-04-24 22:17:54 | INFO     | src.ensemble.stacker | Stacker selection: LR Brier=0.0188  GB Brier=0.0143
2026-04-24 22:18:03 | INFO     | src.ensemble.stacker | MetaStacker fitted. Method: logistic
2026-04-24 22:18:04 | INFO     | src.ensemble.gate | Gate selection: Ridge MSE=0.11995  Tree MSE=0.10253
2026-04-24 22:18:05 | INFO     | src.ensemble.gate | DisagreementGate fitted. Model: tree. β* mean=0.477 std=0.491
2026-04-24 22:18:05 | INFO     | src.ensemble.combiner | Refitting 4 base models on full outer-training set…
2026-04-24 22:18:11 | INFO     | src.ensemble.combiner | EnsembleCombiner.fit() complete.
2026-04-24 22:18:19 | INFO     | src.pipeline.fold_runner | Fold 3 | p_weighted                     macro_F1=0.6220  weighted_F1=0.8817  ECE=0.0307
2026-04-24 22:18:19 | INFO     | src.pipeline.fold_runner | Fold 3 | p_stack                        macro_F1=0.5904  weighted_F1=0.8788  ECE=0.0229
2026-04-24 22:18:19 | INFO     | src.pipeline.fold_runner | Fold 3 | p_final                        macro_F1=0.6743  weighted_F1=0.8891  ECE=0.0278
2026-04-24 22:18:19 | INFO     | src.pipeline.fold_runner | Fold 3 | base_random_forest             macro_F1=0.6324  weighted_F1=0.8808  ECE=0.0369
2026-04-24 22:18:19 | INFO     | src.pipeline.fold_runner | Fold 3 | cal_random_forest              macro_F1=0.6329  weighted_F1=0.8795  ECE=0.0259
2026-04-24 22:18:19 | INFO     | src.pipeline.fold_runner | Fold 3 | base_extra_trees               macro_F1=0.6217  weighted_F1=0.8796  ECE=0.0423
2026-04-24 22:18:19 | INFO     | src.pipeline.fold_runner | Fold 3 | cal_extra_trees                macro_F1=0.6082  weighted_F1=0.8795  ECE=0.0248
2026-04-24 22:18:19 | INFO     | src.pipeline.fold_runner | Fold 3 | base_xgboost                   macro_F1=0.6072  weighted_F1=0.8759  ECE=0.0116
2026-04-24 22:18:19 | INFO     | src.pipeline.fold_runner | Fold 3 | cal_xgboost                    macro_F1=0.6233  weighted_F1=0.8775  ECE=0.0072
2026-04-24 22:18:19 | INFO     | src.pipeline.fold_runner | Fold 3 | base_knn                       macro_F1=0.4917  weighted_F1=0.8427  ECE=0.0397
2026-04-24 22:18:19 | INFO     | src.pipeline.fold_runner | Fold 3 | cal_knn                        macro_F1=0.4915  weighted_F1=0.8439  ECE=0.0476
2026-04-24 22:18:19 | INFO     | src.pipeline.fold_runner | ═══ Outer fold 5/5  (train=65866, val=16466) ═══
2026-04-24 22:19:15 | INFO     | src.select.consensus | Consensus selection: chosen_k=50 | top features: ['state', 'service', 'proto', 'load_per_pkt', 'rate_per_pkt']
2026-04-24 22:19:15 | INFO     | src.pipeline.fold_runner | Fold 4: selected 50 features. Top-5: ['state', 'service', 'proto', 'load_per_pkt', 'rate_per_pkt']
2026-04-24 22:19:15 | INFO     | src.pipeline.fold_runner | Fold 4: Running HP search (n_iter=20, n_cv=3) on 65866 samples, 59 features.
2026-04-24 22:19:15 | INFO     | src.models.tuner | HP search: random_forest         n_iter=20  n_cv=3
2026-04-24 22:20:27 | INFO     | src.models.tuner |   random_forest → score=0.6056  params={'n_estimators': 100, 'min_samples_split': 10, 'max_features': 'sqrt', 'max_depth': 20}
2026-04-24 22:20:27 | INFO     | src.models.tuner | HP search: extra_trees           n_iter=20  n_cv=3
2026-04-24 22:21:57 | INFO     | src.models.tuner |   extra_trees → score=0.5868  params={'n_estimators': 300, 'min_samples_split': 10, 'max_features': 0.75, 'max_depth': None}
2026-04-24 22:21:57 | INFO     | src.models.tuner | HP search: xgboost               n_iter=20  n_cv=3
2026-04-24 22:25:04 | INFO     | src.models.tuner |   xgboost → score=0.5856  params={'subsample': 1.0, 'n_estimators': 200, 'min_child_weight': 5, 'max_depth': 4, 'learning_rate': 0.1, 'colsample_bytree': 0.6}
2026-04-24 22:25:04 | INFO     | src.models.tuner | HP search: knn                   n_iter=20  n_cv=3
2026-04-24 22:27:04 | INFO     | src.models.tuner |   knn → score=0.4994  params={'n_neighbors': 5, 'metric': 'manhattan'}
2026-04-24 22:27:04 | INFO     | src.pipeline.fold_runner | Fold 4: HP search complete. Tuned params: {'random_forest': {'n_estimators': 100, 'min_samples_split': 10, 'max_features': 'sqrt', 'max_depth': 20}, 'extra_trees': {'n_estimators': 300, 'min_samples_split': 10, 'max_features': 0.75, 'max_depth': None}, 'xgboost': {'subsample': 1.0, 'n_estimators': 200, 'min_child_weight': 5, 'max_depth': 4, 'learning_rate': 0.1, 'colsample_bytree': 0.6}, 'knn': {'n_neighbors': 5, 'metric': 'manhattan'}}
2026-04-24 22:27:04 | INFO     | src.ensemble.combiner | Collecting OOF probabilities (4 models)…
2026-04-24 22:28:16 | INFO     | src.ensemble.combiner | random_forest calibration method: isotonic
2026-04-24 22:28:16 | INFO     | src.ensemble.combiner | extra_trees calibration method: isotonic
2026-04-24 22:28:16 | INFO     | src.ensemble.combiner | xgboost calibration method: isotonic
2026-04-24 22:28:16 | INFO     | src.ensemble.combiner | knn calibration method: isotonic
2026-04-24 22:28:16 | INFO     | src.ensemble.weighted_avg | Model random_forest: macro_f1=0.6116 log_loss=0.3320 ECE=0.0282 → raw_w=1.7904
2026-04-24 22:28:16 | INFO     | src.ensemble.weighted_avg | Model extra_trees: macro_f1=0.6131 log_loss=0.3475 ECE=0.0332 → raw_w=1.7057
2026-04-24 22:28:16 | INFO     | src.ensemble.weighted_avg | Model xgboost: macro_f1=0.6154 log_loss=0.3007 ECE=0.0028 → raw_w=2.0406
2026-04-24 22:28:17 | INFO     | src.ensemble.weighted_avg | Model knn: macro_f1=0.5041 log_loss=0.4940 ECE=0.0465 → raw_w=0.9732
2026-04-24 22:28:17 | INFO     | src.ensemble.weighted_avg | Normalised model weights: {'random_forest': 0.27436153174329675, 'extra_trees': 0.25208216050937443, 'xgboost': 0.3523810886110191, 'knn': 0.12117521913630981}
2026-04-24 22:28:22 | INFO     | src.ensemble.stacker | MetaStacker fitted. Method: logistic
2026-04-24 22:28:28 | INFO     | src.ensemble.stacker | MetaStacker fitted. Method: logistic
2026-04-24 22:28:33 | INFO     | src.ensemble.stacker | MetaStacker fitted. Method: logistic
2026-04-24 22:34:08 | INFO     | src.ensemble.stacker | Stacker selection: LR Brier=0.0183  GB Brier=0.0139
2026-04-24 22:34:18 | INFO     | src.ensemble.stacker | MetaStacker fitted. Method: logistic
2026-04-24 22:34:20 | INFO     | src.ensemble.gate | Gate selection: Ridge MSE=0.12103  Tree MSE=0.10220
2026-04-24 22:34:20 | INFO     | src.ensemble.gate | DisagreementGate fitted. Model: tree. β* mean=0.483 std=0.491
2026-04-24 22:34:20 | INFO     | src.ensemble.combiner | Refitting 4 base models on full outer-training set…
2026-04-24 22:34:27 | INFO     | src.ensemble.combiner | EnsembleCombiner.fit() complete.
2026-04-24 22:34:35 | INFO     | src.pipeline.fold_runner | Fold 4 | p_weighted                     macro_F1=0.6091  weighted_F1=0.8807  ECE=0.0356
2026-04-24 22:34:35 | INFO     | src.pipeline.fold_runner | Fold 4 | p_stack                        macro_F1=0.6061  weighted_F1=0.8808  ECE=0.0166
2026-04-24 22:34:35 | INFO     | src.pipeline.fold_runner | Fold 4 | p_final                        macro_F1=0.6437  weighted_F1=0.8906  ECE=0.0242
2026-04-24 22:34:35 | INFO     | src.pipeline.fold_runner | Fold 4 | base_random_forest             macro_F1=0.5973  weighted_F1=0.8811  ECE=0.0317
2026-04-24 22:34:35 | INFO     | src.pipeline.fold_runner | Fold 4 | cal_random_forest              macro_F1=0.5890  weighted_F1=0.8790  ECE=0.0246
2026-04-24 22:34:35 | INFO     | src.pipeline.fold_runner | Fold 4 | base_extra_trees               macro_F1=0.6027  weighted_F1=0.8800  ECE=0.0310
2026-04-24 22:34:35 | INFO     | src.pipeline.fold_runner | Fold 4 | cal_extra_trees                macro_F1=0.6106  weighted_F1=0.8831  ECE=0.0344
2026-04-24 22:34:35 | INFO     | src.pipeline.fold_runner | Fold 4 | base_xgboost                   macro_F1=0.6002  weighted_F1=0.8730  ECE=0.0146
2026-04-24 22:34:35 | INFO     | src.pipeline.fold_runner | Fold 4 | cal_xgboost                    macro_F1=0.6125  weighted_F1=0.8756  ECE=0.0050
2026-04-24 22:34:35 | INFO     | src.pipeline.fold_runner | Fold 4 | base_knn                       macro_F1=0.5140  weighted_F1=0.8423  ECE=0.0392
2026-04-24 22:34:35 | INFO     | src.pipeline.fold_runner | Fold 4 | cal_knn                        macro_F1=0.4991  weighted_F1=0.8431  ECE=0.0475
2026-04-24 22:34:35 | INFO     | src.pipeline.fold_runner | ═══ Final evaluation on locked test set ═══
2026-04-24 22:35:46 | INFO     | src.select.consensus | Consensus selection: chosen_k=50 | top features: ['state', 'service', 'proto', 'load_per_pkt', 'rate_per_pkt']
2026-04-24 22:35:46 | INFO     | src.pipeline.fold_runner | Fold final: Running HP search (n_iter=20, n_cv=3) on 82332 samples, 59 features.
2026-04-24 22:35:46 | INFO     | src.models.tuner | HP search: random_forest         n_iter=20  n_cv=3
2026-04-24 22:37:19 | INFO     | src.models.tuner |   random_forest → score=0.6132  params={'n_estimators': 300, 'min_samples_split': 5, 'max_features': 'sqrt', 'max_depth': 20}
2026-04-24 22:37:19 | INFO     | src.models.tuner | HP search: extra_trees           n_iter=20  n_cv=3
2026-04-24 22:39:53 | INFO     | src.models.tuner |   extra_trees → score=0.6016  params={'n_estimators': 500, 'min_samples_split': 5, 'max_features': 0.3, 'max_depth': 20}
2026-04-24 22:39:53 | INFO     | src.models.tuner | HP search: xgboost               n_iter=20  n_cv=3
2026-04-24 22:43:42 | INFO     | src.models.tuner |   xgboost → score=0.5844  params={'subsample': 1.0, 'n_estimators': 200, 'min_child_weight': 5, 'max_depth': 4, 'learning_rate': 0.15, 'colsample_bytree': 0.9}
2026-04-24 22:43:42 | INFO     | src.models.tuner | HP search: knn                   n_iter=20  n_cv=3
2026-04-24 22:46:49 | INFO     | src.models.tuner |   knn → score=0.4997  params={'n_neighbors': 5, 'metric': 'manhattan'}
2026-04-24 22:46:49 | INFO     | src.pipeline.fold_runner | Fold final: HP search complete. Tuned params: {'random_forest': {'n_estimators': 300, 'min_samples_split': 5, 'max_features': 'sqrt', 'max_depth': 20}, 'extra_trees': {'n_estimators': 500, 'min_samples_split': 5, 'max_features': 0.3, 'max_depth': 20}, 'xgboost': {'subsample': 1.0, 'n_estimators': 200, 'min_child_weight': 5, 'max_depth': 4, 'learning_rate': 0.15, 'colsample_bytree': 0.9}, 'knn': {'n_neighbors': 5, 'metric': 'manhattan'}}
2026-04-24 22:46:49 | INFO     | src.ensemble.combiner | Collecting OOF probabilities (4 models)…
2026-04-24 22:48:29 | INFO     | src.ensemble.combiner | random_forest calibration method: isotonic
2026-04-24 22:48:29 | INFO     | src.ensemble.combiner | extra_trees calibration method: isotonic
2026-04-24 22:48:30 | INFO     | src.ensemble.combiner | xgboost calibration method: isotonic
2026-04-24 22:48:30 | INFO     | src.ensemble.combiner | knn calibration method: isotonic
2026-04-24 22:48:30 | INFO     | src.ensemble.weighted_avg | Model random_forest: macro_f1=0.6212 log_loss=0.3162 ECE=0.0249 → raw_w=1.9156
2026-04-24 22:48:30 | INFO     | src.ensemble.weighted_avg | Model extra_trees: macro_f1=0.6197 log_loss=0.3111 ECE=0.0264 → raw_w=1.9397
2026-04-24 22:48:30 | INFO     | src.ensemble.weighted_avg | Model xgboost: macro_f1=0.6106 log_loss=0.2912 ECE=0.0025 → raw_w=2.0911
2026-04-24 22:48:30 | INFO     | src.ensemble.weighted_avg | Model knn: macro_f1=0.5046 log_loss=0.4895 ECE=0.0483 → raw_w=0.9811
2026-04-24 22:48:30 | INFO     | src.ensemble.weighted_avg | Normalised model weights: {'random_forest': 0.2770855980883289, 'extra_trees': 0.28383218075676286, 'xgboost': 0.33024516968710727, 'knn': 0.10883705146780093}
2026-04-24 22:48:37 | INFO     | src.ensemble.stacker | MetaStacker fitted. Method: logistic
2026-04-24 22:48:43 | INFO     | src.ensemble.stacker | MetaStacker fitted. Method: logistic
2026-04-24 22:48:50 | INFO     | src.ensemble.stacker | MetaStacker fitted. Method: logistic
2026-04-24 22:55:33 | INFO     | src.ensemble.stacker | Stacker selection: LR Brier=0.0182  GB Brier=0.0135
2026-04-24 22:55:44 | INFO     | src.ensemble.stacker | MetaStacker fitted. Method: logistic
2026-04-24 22:55:46 | INFO     | src.ensemble.gate | Gate selection: Ridge MSE=0.22544  Tree MSE=0.09850
2026-04-24 22:55:46 | INFO     | src.ensemble.gate | DisagreementGate fitted. Model: tree. β* mean=0.483 std=0.491
2026-04-24 22:55:46 | INFO     | src.ensemble.combiner | Refitting 4 base models on full outer-training set…
2026-04-24 22:55:55 | INFO     | src.ensemble.combiner | EnsembleCombiner.fit() complete.
2026-04-24 22:57:17 | INFO     | src.pipeline.fold_runner | Locked test evaluation complete.
2026-04-24 22:57:17 | INFO     | src.pipeline.fold_runner | Integrity check PASSED: p_final (0.6513) beats p_stack (0.5964) by 0.0549 macro F1 over 5 outer folds.
2026-04-24 22:57:17 | INFO     | src.eval.exporters | Statistical tests:
          baseline  mean_diff  t_pvalue  significant_005
        p_weighted   0.035165    0.0134             True
           p_stack   0.054941    0.0021             True
base_random_forest   0.042915    0.0005             True
 cal_random_forest   0.050106    0.0026             True
  base_extra_trees   0.043390    0.0002             True
   cal_extra_trees   0.041539    0.0111             True
      base_xgboost   0.052072    0.0002             True
       cal_xgboost   0.040002    0.0010             True
          base_knn   0.141567    0.0002             True
           cal_knn   0.153226    0.0001             True
2026-04-24 22:57:26 | INFO     | src.eval.exporters | Agreement error slices:
agreement_level  n_samples  accuracy  macro_f1  frac_of_total
            low        231  0.194805  0.183662         0.0013
         medium       8818  0.414606  0.324939         0.0503
           high     166292  0.787819  0.541645         0.9484
2026-04-24 22:57:26 | INFO     | src.eval.exporters | All artifacts exported to artifacts\20260425_021213_4cd826
2026-04-24 22:57:26 | INFO     | src.utils.manifests | Run manifest saved → artifacts\20260425_021213_4cd826\run_manifest.yaml (57 artifacts)
2026-04-24 22:57:26 | INFO     | src.pipeline.fold_runner | Run complete. Seed registry: {'outer_cv': 152281357, 'consensus_inner_cv': 1348885167, 'surrogate_rf': 1628432892, 'mi_selector': 762414628, 'rf_importance': 645187618, 'sgd_coef': 1066441412, 'hp_est_random_forest': 1137237236, 'hp_cv_random_forest': 1386215339, 'hp_rscv_random_forest': 630513492, 'hp_est_extra_trees': 803614562, 'hp_cv_extra_trees': 531831583, 'hp_rscv_extra_trees': 242905298, 'hp_est_xgboost': 479950201, 'hp_cv_xgboost': 986287059, 'hp_rscv_xgboost': 275815071, 'hp_est_knn': 672899284, 'hp_cv_knn': 1014956424, 'hp_rscv_knn': 1100441280, 'random_forest': 1852572748, 'extra_trees': 1626454526, 'xgboost': 493307356, 'oof_random_forest': 1218307608, 'oof_extra_trees': 1797460796, 'oof_xgboost': 684680223, 'oof_knn': 473095718, 'calibration_selection': 1707465448, 'stacker_oof': 146674265, 'meta_stacker_lr': 1967862038, 'meta_stacker_gb': 1895340747, 'stacker_sel': 1962279265, 'gate_tree': 756507736}
2026-04-24 22:57:26 | INFO     | __main__ | Pipeline finished. Artifacts at artifacts\20260425_021213_4cd826
