2026-04-24 19:20:28 | INFO     | __main__ | Run ID: 20260425_002028_44f098
2026-04-24 19:20:28 | INFO     | __main__ | Config: configs\ablations\no_calibration.yaml
2026-04-24 19:20:28 | INFO     | __main__ | Global seed: 42
2026-04-24 19:20:28 | INFO     | src.data.loader | Loading data\UNSW_NB15_training-set.csv
2026-04-24 19:20:28 | INFO     | src.data.loader | Loaded 82332 rows × 45 cols from data\UNSW_NB15_training-set.csv
2026-04-24 19:20:28 | INFO     | src.data.loader | Loading data\UNSW_NB15_testing-set.csv
2026-04-24 19:20:29 | INFO     | src.data.loader | Loaded 175341 rows × 45 cols from data\UNSW_NB15_testing-set.csv
2026-04-24 19:20:29 | INFO     | src.data.loader | Train: 82332 samples | Test: 175341 samples | Task: multiclass
2026-04-24 19:20:29 | INFO     | src.data.loader | Train class distribution: Normal=37000(44.9%) | Analysis=677(0.8%) | Backdoor=583(0.7%) | DoS=4089(5.0%) | Exploits=11132(13.5%) | Fuzzers=6062(7.4%) | Generic=18871(22.9%) | Reconnaissance=3496(4.2%) | Shellcode=378(0.5%) | Worms=44(0.1%)
2026-04-24 19:20:29 | INFO     | src.data.loader | Test class distribution: Normal=56000(31.9%) | Analysis=2000(1.1%) | Backdoor=1746(1.0%) | DoS=12264(7.0%) | Exploits=33393(19.0%) | Fuzzers=18184(10.4%) | Generic=40000(22.8%) | Reconnaissance=10491(6.0%) | Shellcode=1133(0.6%) | Worms=130(0.1%)
2026-04-24 19:20:29 | INFO     | src.pipeline.fold_runner | ═══ Outer fold 1/5  (train=65865, val=16467) ═══
2026-04-24 19:21:23 | INFO     | src.select.consensus | Consensus selection: chosen_k=36 | top features: ['bytes_per_pkt_total', 'ct_srv_dst', 'mean_pkt_src', 'ct_dst_src_ltm', 'sttl']
2026-04-24 19:21:23 | INFO     | src.pipeline.fold_runner | Fold 0: selected 36 features. Top-5: ['bytes_per_pkt_total', 'ct_srv_dst', 'mean_pkt_src', 'ct_dst_src_ltm', 'sttl']
2026-04-24 19:21:23 | INFO     | src.pipeline.fold_runner | Fold 0: Running HP search (n_iter=20, n_cv=3) on 65865 samples, 36 features.
2026-04-24 19:21:23 | INFO     | src.models.tuner | HP search: random_forest         n_iter=20  n_cv=3
2026-04-24 19:22:31 | INFO     | src.models.tuner |   random_forest → score=0.6064  params={'n_estimators': 300, 'min_samples_split': 5, 'max_features': 'sqrt', 'max_depth': 20}
2026-04-24 19:22:31 | INFO     | src.models.tuner | HP search: extra_trees           n_iter=20  n_cv=3
2026-04-24 19:23:18 | INFO     | src.models.tuner |   extra_trees → score=0.6108  params={'n_estimators': 200, 'min_samples_split': 2, 'max_features': 1.0, 'max_depth': None}
2026-04-24 19:23:18 | INFO     | src.models.tuner | HP search: xgboost               n_iter=20  n_cv=3
2026-04-24 19:25:30 | INFO     | src.models.tuner |   xgboost → score=0.5868  params={'subsample': 1.0, 'n_estimators': 200, 'min_child_weight': 5, 'max_depth': 4, 'learning_rate': 0.1, 'colsample_bytree': 0.6}
2026-04-24 19:25:30 | INFO     | src.models.tuner | HP search: knn                   n_iter=20  n_cv=3
2026-04-24 19:27:15 | INFO     | src.models.tuner |   knn → score=0.5029  params={'n_neighbors': 5, 'metric': 'manhattan'}
2026-04-24 19:27:15 | INFO     | src.pipeline.fold_runner | Fold 0: HP search complete. Tuned params: {'random_forest': {'n_estimators': 300, 'min_samples_split': 5, 'max_features': 'sqrt', 'max_depth': 20}, 'extra_trees': {'n_estimators': 200, 'min_samples_split': 2, 'max_features': 1.0, 'max_depth': None}, 'xgboost': {'subsample': 1.0, 'n_estimators': 200, 'min_child_weight': 5, 'max_depth': 4, 'learning_rate': 0.1, 'colsample_bytree': 0.6}, 'knn': {'n_neighbors': 5, 'metric': 'manhattan'}}
2026-04-24 19:27:15 | INFO     | src.ensemble.combiner | Collecting OOF probabilities (4 models)…
2026-04-24 19:28:14 | INFO     | src.ensemble.weighted_avg | Model random_forest: macro_f1=0.6166 log_loss=0.4294 ECE=0.0285 → raw_w=1.3950
2026-04-24 19:28:15 | INFO     | src.ensemble.weighted_avg | Model extra_trees: macro_f1=0.6174 log_loss=0.9510 ECE=0.0361 → raw_w=0.6258
2026-04-24 19:28:15 | INFO     | src.ensemble.weighted_avg | Model xgboost: macro_f1=0.5998 log_loss=0.3146 ECE=0.0153 → raw_w=1.8777
2026-04-24 19:28:15 | INFO     | src.ensemble.weighted_avg | Model knn: macro_f1=0.5146 log_loss=2.1335 ECE=0.0412 → raw_w=0.2313
2026-04-24 19:28:15 | INFO     | src.ensemble.weighted_avg | Normalised model weights: {'random_forest': 0.2944637618048864, 'extra_trees': 0.13644081736798733, 'xgboost': 0.47713088761878536, 'knn': 0.09196453320834093}
2026-04-24 19:28:21 | INFO     | src.ensemble.stacker | MetaStacker fitted. Method: logistic
2026-04-24 19:28:27 | INFO     | src.ensemble.stacker | MetaStacker fitted. Method: logistic
2026-04-24 19:28:32 | INFO     | src.ensemble.stacker | MetaStacker fitted. Method: logistic
2026-04-24 19:34:37 | INFO     | src.ensemble.stacker | Stacker selection: LR Brier=0.0181  GB Brier=0.0138
2026-04-24 19:34:47 | INFO     | src.ensemble.stacker | MetaStacker fitted. Method: logistic
2026-04-24 19:34:48 | INFO     | src.ensemble.gate | Gate selection: Ridge MSE=0.12016  Tree MSE=0.09314
2026-04-24 19:34:49 | INFO     | src.ensemble.gate | DisagreementGate fitted. Model: tree. β* mean=0.243 std=0.418
2026-04-24 19:34:49 | INFO     | src.ensemble.combiner | Refitting 4 base models on full outer-training set…
2026-04-24 19:34:54 | INFO     | src.ensemble.combiner | EnsembleCombiner.fit() complete.
2026-04-24 19:35:01 | INFO     | src.pipeline.fold_runner | Fold 0 | p_weighted                     macro_F1=0.6325  weighted_F1=0.8850  ECE=0.0308
2026-04-24 19:35:01 | INFO     | src.pipeline.fold_runner | Fold 0 | p_stack                        macro_F1=0.6195  weighted_F1=0.8803  ECE=0.0191
2026-04-24 19:35:01 | INFO     | src.pipeline.fold_runner | Fold 0 | p_final                        macro_F1=0.6614  weighted_F1=0.8891  ECE=0.0181
2026-04-24 19:35:01 | INFO     | src.pipeline.fold_runner | Fold 0 | base_random_forest             macro_F1=0.6303  weighted_F1=0.8840  ECE=0.0323
2026-04-24 19:35:01 | INFO     | src.pipeline.fold_runner | Fold 0 | cal_random_forest              macro_F1=0.6303  weighted_F1=0.8840  ECE=0.0323
2026-04-24 19:35:01 | INFO     | src.pipeline.fold_runner | Fold 0 | base_extra_trees               macro_F1=0.6168  weighted_F1=0.8826  ECE=0.0339
2026-04-24 19:35:01 | INFO     | src.pipeline.fold_runner | Fold 0 | cal_extra_trees                macro_F1=0.6168  weighted_F1=0.8826  ECE=0.0339
2026-04-24 19:35:01 | INFO     | src.pipeline.fold_runner | Fold 0 | base_xgboost                   macro_F1=0.6180  weighted_F1=0.8758  ECE=0.0147
2026-04-24 19:35:01 | INFO     | src.pipeline.fold_runner | Fold 0 | cal_xgboost                    macro_F1=0.6180  weighted_F1=0.8758  ECE=0.0147
2026-04-24 19:35:01 | INFO     | src.pipeline.fold_runner | Fold 0 | base_knn                       macro_F1=0.5513  weighted_F1=0.8561  ECE=0.0336
2026-04-24 19:35:01 | INFO     | src.pipeline.fold_runner | Fold 0 | cal_knn                        macro_F1=0.5513  weighted_F1=0.8561  ECE=0.0336
2026-04-24 19:35:01 | INFO     | src.pipeline.fold_runner | ═══ Outer fold 2/5  (train=65865, val=16467) ═══
2026-04-24 19:35:55 | INFO     | src.select.consensus | Consensus selection: chosen_k=42 | top features: ['proto', 'rate_per_pkt', 'load_per_pkt', 'bytes_per_pkt_total', 'ttl_diff']
2026-04-24 19:35:55 | INFO     | src.pipeline.fold_runner | Fold 1: selected 42 features. Top-5: ['proto', 'rate_per_pkt', 'load_per_pkt', 'bytes_per_pkt_total', 'ttl_diff']
2026-04-24 19:35:55 | INFO     | src.pipeline.fold_runner | Fold 1: Running HP search (n_iter=20, n_cv=3) on 65865 samples, 42 features.
2026-04-24 19:35:55 | INFO     | src.models.tuner | HP search: random_forest         n_iter=20  n_cv=3
2026-04-24 19:36:59 | INFO     | src.models.tuner |   random_forest → score=0.5995  params={'n_estimators': 500, 'min_samples_split': 2, 'max_features': 'sqrt', 'max_depth': 20}
2026-04-24 19:36:59 | INFO     | src.models.tuner | HP search: extra_trees           n_iter=20  n_cv=3
2026-04-24 19:37:56 | INFO     | src.models.tuner |   extra_trees → score=0.6076  params={'n_estimators': 400, 'min_samples_split': 2, 'max_features': 0.5, 'max_depth': 30}
2026-04-24 19:37:56 | INFO     | src.models.tuner | HP search: xgboost               n_iter=20  n_cv=3
2026-04-24 19:40:22 | INFO     | src.models.tuner |   xgboost → score=0.5975  params={'subsample': 1.0, 'n_estimators': 400, 'min_child_weight': 1, 'max_depth': 5, 'learning_rate': 0.1, 'colsample_bytree': 0.7}
2026-04-24 19:40:22 | INFO     | src.models.tuner | HP search: knn                   n_iter=20  n_cv=3
2026-04-24 19:42:12 | INFO     | src.models.tuner |   knn → score=0.5334  params={'n_neighbors': 5, 'metric': 'manhattan'}
2026-04-24 19:42:12 | INFO     | src.pipeline.fold_runner | Fold 1: HP search complete. Tuned params: {'random_forest': {'n_estimators': 500, 'min_samples_split': 2, 'max_features': 'sqrt', 'max_depth': 20}, 'extra_trees': {'n_estimators': 400, 'min_samples_split': 2, 'max_features': 0.5, 'max_depth': 30}, 'xgboost': {'subsample': 1.0, 'n_estimators': 400, 'min_child_weight': 1, 'max_depth': 5, 'learning_rate': 0.1, 'colsample_bytree': 0.7}, 'knn': {'n_neighbors': 5, 'metric': 'manhattan'}}
2026-04-24 19:42:12 | INFO     | src.ensemble.combiner | Collecting OOF probabilities (4 models)…
2026-04-24 19:43:36 | INFO     | src.ensemble.weighted_avg | Model random_forest: macro_f1=0.6093 log_loss=0.4146 ECE=0.0293 → raw_w=1.4267
2026-04-24 19:43:36 | INFO     | src.ensemble.weighted_avg | Model extra_trees: macro_f1=0.6095 log_loss=0.6963 ECE=0.0291 → raw_w=0.8499
2026-04-24 19:43:36 | INFO     | src.ensemble.weighted_avg | Model xgboost: macro_f1=0.5858 log_loss=0.2967 ECE=0.0083 → raw_w=1.9581
2026-04-24 19:43:36 | INFO     | src.ensemble.weighted_avg | Model knn: macro_f1=0.5365 log_loss=2.0868 ECE=0.0394 → raw_w=0.2470
2026-04-24 19:43:36 | INFO     | src.ensemble.weighted_avg | Normalised model weights: {'random_forest': 0.28009372373118074, 'extra_trees': 0.15732457757768406, 'xgboost': 0.47649309335117995, 'knn': 0.08608860533995512}
2026-04-24 19:43:42 | INFO     | src.ensemble.stacker | MetaStacker fitted. Method: logistic
2026-04-24 19:43:48 | INFO     | src.ensemble.stacker | MetaStacker fitted. Method: logistic
2026-04-24 19:43:54 | INFO     | src.ensemble.stacker | MetaStacker fitted. Method: logistic
2026-04-24 19:49:44 | INFO     | src.ensemble.stacker | Stacker selection: LR Brier=0.0183  GB Brier=0.0138
2026-04-24 19:49:54 | INFO     | src.ensemble.stacker | MetaStacker fitted. Method: logistic
2026-04-24 19:49:55 | INFO     | src.ensemble.gate | Gate selection: Ridge MSE=0.08928  Tree MSE=0.08394
2026-04-24 19:49:56 | INFO     | src.ensemble.gate | DisagreementGate fitted. Model: tree. β* mean=0.171 std=0.365
2026-04-24 19:49:56 | INFO     | src.ensemble.combiner | Refitting 4 base models on full outer-training set…
2026-04-24 19:50:05 | INFO     | src.ensemble.combiner | EnsembleCombiner.fit() complete.
2026-04-24 19:50:12 | INFO     | src.pipeline.fold_runner | Fold 1 | p_weighted                     macro_F1=0.6015  weighted_F1=0.8904  ECE=0.0268
2026-04-24 19:50:12 | INFO     | src.pipeline.fold_runner | Fold 1 | p_stack                        macro_F1=0.6263  weighted_F1=0.8846  ECE=0.0233
2026-04-24 19:50:12 | INFO     | src.pipeline.fold_runner | Fold 1 | p_final                        macro_F1=0.6691  weighted_F1=0.8944  ECE=0.0204
2026-04-24 19:50:12 | INFO     | src.pipeline.fold_runner | Fold 1 | base_random_forest             macro_F1=0.6118  weighted_F1=0.8878  ECE=0.0358
2026-04-24 19:50:12 | INFO     | src.pipeline.fold_runner | Fold 1 | cal_random_forest              macro_F1=0.6118  weighted_F1=0.8878  ECE=0.0358
2026-04-24 19:50:12 | INFO     | src.pipeline.fold_runner | Fold 1 | base_extra_trees               macro_F1=0.6089  weighted_F1=0.8853  ECE=0.0311
2026-04-24 19:50:12 | INFO     | src.pipeline.fold_runner | Fold 1 | cal_extra_trees                macro_F1=0.6089  weighted_F1=0.8853  ECE=0.0311
2026-04-24 19:50:12 | INFO     | src.pipeline.fold_runner | Fold 1 | base_xgboost                   macro_F1=0.6090  weighted_F1=0.8846  ECE=0.0090
2026-04-24 19:50:12 | INFO     | src.pipeline.fold_runner | Fold 1 | cal_xgboost                    macro_F1=0.6090  weighted_F1=0.8846  ECE=0.0090
2026-04-24 19:50:12 | INFO     | src.pipeline.fold_runner | Fold 1 | base_knn                       macro_F1=0.5433  weighted_F1=0.8543  ECE=0.0359
2026-04-24 19:50:12 | INFO     | src.pipeline.fold_runner | Fold 1 | cal_knn                        macro_F1=0.5433  weighted_F1=0.8543  ECE=0.0359
2026-04-24 19:50:12 | INFO     | src.pipeline.fold_runner | ═══ Outer fold 3/5  (train=65866, val=16466) ═══
2026-04-24 19:51:06 | INFO     | src.select.consensus | Consensus selection: chosen_k=50 | top features: ['state', 'service', 'proto', 'load_per_pkt', 'rate_per_pkt']
2026-04-24 19:51:06 | INFO     | src.pipeline.fold_runner | Fold 2: selected 50 features. Top-5: ['state', 'service', 'proto', 'load_per_pkt', 'rate_per_pkt']
2026-04-24 19:51:06 | INFO     | src.pipeline.fold_runner | Fold 2: Running HP search (n_iter=20, n_cv=3) on 65866 samples, 50 features.
2026-04-24 19:51:06 | INFO     | src.models.tuner | HP search: random_forest         n_iter=20  n_cv=3
2026-04-24 19:52:20 | INFO     | src.models.tuner |   random_forest → score=0.6098  params={'n_estimators': 400, 'min_samples_split': 20, 'max_features': 'sqrt', 'max_depth': None}
2026-04-24 19:52:20 | INFO     | src.models.tuner | HP search: extra_trees           n_iter=20  n_cv=3
2026-04-24 19:53:33 | INFO     | src.models.tuner |   extra_trees → score=0.6036  params={'n_estimators': 500, 'min_samples_split': 5, 'max_features': 0.3, 'max_depth': 20}
2026-04-24 19:53:33 | INFO     | src.models.tuner | HP search: xgboost               n_iter=20  n_cv=3
2026-04-24 19:56:22 | INFO     | src.models.tuner |   xgboost → score=0.5982  params={'subsample': 0.9, 'n_estimators': 200, 'min_child_weight': 7, 'max_depth': 5, 'learning_rate': 0.1, 'colsample_bytree': 0.9}
2026-04-24 19:56:22 | INFO     | src.models.tuner | HP search: knn                   n_iter=20  n_cv=3
2026-04-24 19:58:16 | INFO     | src.models.tuner |   knn → score=0.4976  params={'n_neighbors': 5, 'metric': 'manhattan'}
2026-04-24 19:58:16 | INFO     | src.pipeline.fold_runner | Fold 2: HP search complete. Tuned params: {'random_forest': {'n_estimators': 400, 'min_samples_split': 20, 'max_features': 'sqrt', 'max_depth': None}, 'extra_trees': {'n_estimators': 500, 'min_samples_split': 5, 'max_features': 0.3, 'max_depth': 20}, 'xgboost': {'subsample': 0.9, 'n_estimators': 200, 'min_child_weight': 7, 'max_depth': 5, 'learning_rate': 0.1, 'colsample_bytree': 0.9}, 'knn': {'n_neighbors': 5, 'metric': 'manhattan'}}
2026-04-24 19:58:16 | INFO     | src.ensemble.combiner | Collecting OOF probabilities (4 models)…
2026-04-24 19:59:33 | INFO     | src.ensemble.weighted_avg | Model random_forest: macro_f1=0.6067 log_loss=0.4073 ECE=0.0336 → raw_w=1.4393
2026-04-24 19:59:33 | INFO     | src.ensemble.weighted_avg | Model extra_trees: macro_f1=0.6039 log_loss=0.4087 ECE=0.0370 → raw_w=1.4227
2026-04-24 19:59:33 | INFO     | src.ensemble.weighted_avg | Model xgboost: macro_f1=0.5975 log_loss=0.3035 ECE=0.0115 → raw_w=1.9463
2026-04-24 19:59:33 | INFO     | src.ensemble.weighted_avg | Model knn: macro_f1=0.5186 log_loss=2.1842 ECE=0.0416 → raw_w=0.2275
2026-04-24 19:59:33 | INFO     | src.ensemble.weighted_avg | Normalised model weights: {'random_forest': 0.2536995057330229, 'extra_trees': 0.24953644976795472, 'xgboost': 0.42124370189124377, 'knn': 0.07552034260777876}
2026-04-24 19:59:39 | INFO     | src.ensemble.stacker | MetaStacker fitted. Method: logistic
2026-04-24 19:59:45 | INFO     | src.ensemble.stacker | MetaStacker fitted. Method: logistic
2026-04-24 19:59:52 | INFO     | src.ensemble.stacker | MetaStacker fitted. Method: logistic
2026-04-24 20:07:05 | INFO     | src.ensemble.stacker | Stacker selection: LR Brier=0.0188  GB Brier=0.0139
2026-04-24 20:07:16 | INFO     | src.ensemble.stacker | MetaStacker fitted. Method: logistic
2026-04-24 20:07:18 | INFO     | src.ensemble.gate | Gate selection: Ridge MSE=0.14436  Tree MSE=0.08009
2026-04-24 20:07:19 | INFO     | src.ensemble.gate | DisagreementGate fitted. Model: tree. β* mean=0.309 std=0.455
2026-04-24 20:07:19 | INFO     | src.ensemble.combiner | Refitting 4 base models on full outer-training set…
2026-04-24 20:07:26 | INFO     | src.ensemble.combiner | EnsembleCombiner.fit() complete.
2026-04-24 20:07:34 | INFO     | src.pipeline.fold_runner | Fold 2 | p_weighted                     macro_F1=0.6202  weighted_F1=0.8860  ECE=0.0393
2026-04-24 20:07:34 | INFO     | src.pipeline.fold_runner | Fold 2 | p_stack                        macro_F1=0.6003  weighted_F1=0.8765  ECE=0.0201
2026-04-24 20:07:34 | INFO     | src.pipeline.fold_runner | Fold 2 | p_final                        macro_F1=0.6564  weighted_F1=0.8887  ECE=0.0206
2026-04-24 20:07:34 | INFO     | src.pipeline.fold_runner | Fold 2 | base_random_forest             macro_F1=0.6018  weighted_F1=0.8787  ECE=0.0364
2026-04-24 20:07:34 | INFO     | src.pipeline.fold_runner | Fold 2 | cal_random_forest              macro_F1=0.6018  weighted_F1=0.8787  ECE=0.0364
2026-04-24 20:07:34 | INFO     | src.pipeline.fold_runner | Fold 2 | base_extra_trees               macro_F1=0.6075  weighted_F1=0.8805  ECE=0.0415
2026-04-24 20:07:34 | INFO     | src.pipeline.fold_runner | Fold 2 | cal_extra_trees                macro_F1=0.6075  weighted_F1=0.8805  ECE=0.0415
2026-04-24 20:07:34 | INFO     | src.pipeline.fold_runner | Fold 2 | base_xgboost                   macro_F1=0.6191  weighted_F1=0.8782  ECE=0.0117
2026-04-24 20:07:34 | INFO     | src.pipeline.fold_runner | Fold 2 | cal_xgboost                    macro_F1=0.6191  weighted_F1=0.8782  ECE=0.0117
2026-04-24 20:07:34 | INFO     | src.pipeline.fold_runner | Fold 2 | base_knn                       macro_F1=0.5223  weighted_F1=0.8430  ECE=0.0420
2026-04-24 20:07:34 | INFO     | src.pipeline.fold_runner | Fold 2 | cal_knn                        macro_F1=0.5223  weighted_F1=0.8430  ECE=0.0420
2026-04-24 20:07:34 | INFO     | src.pipeline.fold_runner | ═══ Outer fold 4/5  (train=65866, val=16466) ═══
2026-04-24 20:08:28 | INFO     | src.select.consensus | Consensus selection: chosen_k=50 | top features: ['state', 'service', 'proto', 'load_per_pkt', 'rate_per_pkt']
2026-04-24 20:08:28 | INFO     | src.pipeline.fold_runner | Fold 3: selected 50 features. Top-5: ['state', 'service', 'proto', 'load_per_pkt', 'rate_per_pkt']
2026-04-24 20:08:28 | INFO     | src.pipeline.fold_runner | Fold 3: Running HP search (n_iter=20, n_cv=3) on 65866 samples, 50 features.
2026-04-24 20:08:28 | INFO     | src.models.tuner | HP search: random_forest         n_iter=20  n_cv=3
2026-04-24 20:09:40 | INFO     | src.models.tuner |   random_forest → score=0.6006  params={'n_estimators': 500, 'min_samples_split': 10, 'max_features': 'sqrt', 'max_depth': 30}
2026-04-24 20:09:40 | INFO     | src.models.tuner | HP search: extra_trees           n_iter=20  n_cv=3
2026-04-24 20:10:56 | INFO     | src.models.tuner |   extra_trees → score=0.6021  params={'n_estimators': 500, 'min_samples_split': 5, 'max_features': 0.3, 'max_depth': 20}
2026-04-24 20:10:56 | INFO     | src.models.tuner | HP search: xgboost               n_iter=20  n_cv=3
2026-04-24 20:13:42 | INFO     | src.models.tuner |   xgboost → score=0.5945  params={'subsample': 1.0, 'n_estimators': 200, 'min_child_weight': 5, 'max_depth': 4, 'learning_rate': 0.15, 'colsample_bytree': 0.9}
2026-04-24 20:13:42 | INFO     | src.models.tuner | HP search: knn                   n_iter=20  n_cv=3
2026-04-24 20:15:36 | INFO     | src.models.tuner |   knn → score=0.5018  params={'n_neighbors': 5, 'metric': 'manhattan'}
2026-04-24 20:15:36 | INFO     | src.pipeline.fold_runner | Fold 3: HP search complete. Tuned params: {'random_forest': {'n_estimators': 500, 'min_samples_split': 10, 'max_features': 'sqrt', 'max_depth': 30}, 'extra_trees': {'n_estimators': 500, 'min_samples_split': 5, 'max_features': 0.3, 'max_depth': 20}, 'xgboost': {'subsample': 1.0, 'n_estimators': 200, 'min_child_weight': 5, 'max_depth': 4, 'learning_rate': 0.15, 'colsample_bytree': 0.9}, 'knn': {'n_neighbors': 5, 'metric': 'manhattan'}}
2026-04-24 20:15:36 | INFO     | src.ensemble.combiner | Collecting OOF probabilities (4 models)…
2026-04-24 20:16:54 | INFO     | src.ensemble.weighted_avg | Model random_forest: macro_f1=0.6111 log_loss=0.5227 ECE=0.0282 → raw_w=1.1361
2026-04-24 20:16:54 | INFO     | src.ensemble.weighted_avg | Model extra_trees: macro_f1=0.5931 log_loss=0.4083 ECE=0.0344 → raw_w=1.4026
2026-04-24 20:16:54 | INFO     | src.ensemble.weighted_avg | Model xgboost: macro_f1=0.5927 log_loss=0.3069 ECE=0.0098 → raw_w=1.9124
2026-04-24 20:16:54 | INFO     | src.ensemble.weighted_avg | Model knn: macro_f1=0.5142 log_loss=2.1226 ECE=0.0394 → raw_w=0.2327
2026-04-24 20:16:54 | INFO     | src.ensemble.weighted_avg | Normalised model weights: {'random_forest': 0.20476116634204938, 'extra_trees': 0.2672732954747954, 'xgboost': 0.4450012503548353, 'knn': 0.08296428782831984}
2026-04-24 20:17:00 | INFO     | src.ensemble.stacker | MetaStacker fitted. Method: logistic
2026-04-24 20:17:06 | INFO     | src.ensemble.stacker | MetaStacker fitted. Method: logistic
2026-04-24 20:17:12 | INFO     | src.ensemble.stacker | MetaStacker fitted. Method: logistic
2026-04-24 20:24:18 | INFO     | src.ensemble.stacker | Stacker selection: LR Brier=0.0191  GB Brier=0.0140
2026-04-24 20:27:45 | INFO     | src.ensemble.stacker | MetaStacker fitted. Method: gradient_boosting
2026-04-24 20:27:47 | INFO     | src.ensemble.gate | Gate selection: Ridge MSE=0.14940  Tree MSE=0.08408
2026-04-24 20:27:48 | INFO     | src.ensemble.gate | DisagreementGate fitted. Model: tree. β* mean=0.297 std=0.449
2026-04-24 20:27:48 | INFO     | src.ensemble.combiner | Refitting 4 base models on full outer-training set…
2026-04-24 20:27:56 | INFO     | src.ensemble.combiner | EnsembleCombiner.fit() complete.
2026-04-24 20:28:03 | INFO     | src.pipeline.fold_runner | Fold 3 | p_weighted                     macro_F1=0.6360  weighted_F1=0.8855  ECE=0.0383
2026-04-24 20:28:03 | INFO     | src.pipeline.fold_runner | Fold 3 | p_stack                        macro_F1=0.6814  weighted_F1=0.8998  ECE=0.0062
2026-04-24 20:28:03 | INFO     | src.pipeline.fold_runner | Fold 3 | p_final                        macro_F1=0.6914  weighted_F1=0.8948  ECE=0.0194
2026-04-24 20:28:03 | INFO     | src.pipeline.fold_runner | Fold 3 | base_random_forest             macro_F1=0.6385  weighted_F1=0.8831  ECE=0.0344
2026-04-24 20:28:03 | INFO     | src.pipeline.fold_runner | Fold 3 | cal_random_forest              macro_F1=0.6385  weighted_F1=0.8831  ECE=0.0344
2026-04-24 20:28:03 | INFO     | src.pipeline.fold_runner | Fold 3 | base_extra_trees               macro_F1=0.6185  weighted_F1=0.8797  ECE=0.0438
2026-04-24 20:28:03 | INFO     | src.pipeline.fold_runner | Fold 3 | cal_extra_trees                macro_F1=0.6185  weighted_F1=0.8797  ECE=0.0438
2026-04-24 20:28:03 | INFO     | src.pipeline.fold_runner | Fold 3 | base_xgboost                   macro_F1=0.6181  weighted_F1=0.8772  ECE=0.0128
2026-04-24 20:28:03 | INFO     | src.pipeline.fold_runner | Fold 3 | cal_xgboost                    macro_F1=0.6181  weighted_F1=0.8772  ECE=0.0128
2026-04-24 20:28:03 | INFO     | src.pipeline.fold_runner | Fold 3 | base_knn                       macro_F1=0.4917  weighted_F1=0.8449  ECE=0.0400
2026-04-24 20:28:04 | INFO     | src.pipeline.fold_runner | Fold 3 | cal_knn                        macro_F1=0.4917  weighted_F1=0.8449  ECE=0.0400
2026-04-24 20:28:04 | INFO     | src.pipeline.fold_runner | ═══ Outer fold 5/5  (train=65866, val=16466) ═══
2026-04-24 20:28:58 | INFO     | src.select.consensus | Consensus selection: chosen_k=50 | top features: ['state', 'service', 'proto', 'load_per_pkt', 'rate_per_pkt']
2026-04-24 20:28:58 | INFO     | src.pipeline.fold_runner | Fold 4: selected 50 features. Top-5: ['state', 'service', 'proto', 'load_per_pkt', 'rate_per_pkt']
2026-04-24 20:28:58 | INFO     | src.pipeline.fold_runner | Fold 4: Running HP search (n_iter=20, n_cv=3) on 65866 samples, 50 features.
2026-04-24 20:28:58 | INFO     | src.models.tuner | HP search: random_forest         n_iter=20  n_cv=3
2026-04-24 20:30:11 | INFO     | src.models.tuner |   random_forest → score=0.6072  params={'n_estimators': 300, 'min_samples_split': 5, 'max_features': 'sqrt', 'max_depth': 20}
2026-04-24 20:30:11 | INFO     | src.models.tuner | HP search: extra_trees           n_iter=20  n_cv=3
2026-04-24 20:31:25 | INFO     | src.models.tuner |   extra_trees → score=0.5901  params={'n_estimators': 300, 'min_samples_split': 10, 'max_features': 0.75, 'max_depth': None}
2026-04-24 20:31:25 | INFO     | src.models.tuner | HP search: xgboost               n_iter=20  n_cv=3
2026-04-24 20:34:09 | INFO     | src.models.tuner |   xgboost → score=0.5923  params={'subsample': 1.0, 'n_estimators': 200, 'min_child_weight': 5, 'max_depth': 4, 'learning_rate': 0.15, 'colsample_bytree': 0.9}
2026-04-24 20:34:09 | INFO     | src.models.tuner | HP search: knn                   n_iter=20  n_cv=3
2026-04-24 20:36:04 | INFO     | src.models.tuner |   knn → score=0.5069  params={'n_neighbors': 5, 'metric': 'manhattan'}
2026-04-24 20:36:04 | INFO     | src.pipeline.fold_runner | Fold 4: HP search complete. Tuned params: {'random_forest': {'n_estimators': 300, 'min_samples_split': 5, 'max_features': 'sqrt', 'max_depth': 20}, 'extra_trees': {'n_estimators': 300, 'min_samples_split': 10, 'max_features': 0.75, 'max_depth': None}, 'xgboost': {'subsample': 1.0, 'n_estimators': 200, 'min_child_weight': 5, 'max_depth': 4, 'learning_rate': 0.15, 'colsample_bytree': 0.9}, 'knn': {'n_neighbors': 5, 'metric': 'manhattan'}}
2026-04-24 20:36:04 | INFO     | src.ensemble.combiner | Collecting OOF probabilities (4 models)…
2026-04-24 20:37:14 | INFO     | src.ensemble.weighted_avg | Model random_forest: macro_f1=0.6011 log_loss=0.4287 ECE=0.0288 → raw_w=1.3618
2026-04-24 20:37:14 | INFO     | src.ensemble.weighted_avg | Model extra_trees: macro_f1=0.6036 log_loss=0.8309 ECE=0.0291 → raw_w=0.7053
2026-04-24 20:37:14 | INFO     | src.ensemble.weighted_avg | Model xgboost: macro_f1=0.5947 log_loss=0.3051 ECE=0.0113 → raw_w=1.9270
2026-04-24 20:37:14 | INFO     | src.ensemble.weighted_avg | Model knn: macro_f1=0.5050 log_loss=2.1139 ECE=0.0395 → raw_w=0.2295
2026-04-24 20:37:14 | INFO     | src.ensemble.weighted_avg | Normalised model weights: {'random_forest': 0.2777280938520112, 'extra_trees': 0.14404304613255603, 'xgboost': 0.4887269605105481, 'knn': 0.08950189950488456}
2026-04-24 20:37:19 | INFO     | src.ensemble.stacker | MetaStacker fitted. Method: logistic
2026-04-24 20:37:25 | INFO     | src.ensemble.stacker | MetaStacker fitted. Method: logistic
2026-04-24 20:37:31 | INFO     | src.ensemble.stacker | MetaStacker fitted. Method: logistic
2026-04-24 20:44:01 | INFO     | src.ensemble.stacker | Stacker selection: LR Brier=0.0185  GB Brier=0.0139
2026-04-24 20:44:12 | INFO     | src.ensemble.stacker | MetaStacker fitted. Method: logistic
2026-04-24 20:44:13 | INFO     | src.ensemble.gate | Gate selection: Ridge MSE=0.13112  Tree MSE=0.08437
2026-04-24 20:44:14 | INFO     | src.ensemble.gate | DisagreementGate fitted. Model: tree. β* mean=0.247 std=0.422
2026-04-24 20:44:14 | INFO     | src.ensemble.combiner | Refitting 4 base models on full outer-training set…
2026-04-24 20:44:21 | INFO     | src.ensemble.combiner | EnsembleCombiner.fit() complete.
2026-04-24 20:44:28 | INFO     | src.pipeline.fold_runner | Fold 4 | p_weighted                     macro_F1=0.6092  weighted_F1=0.8842  ECE=0.0289
2026-04-24 20:44:28 | INFO     | src.pipeline.fold_runner | Fold 4 | p_stack                        macro_F1=0.6113  weighted_F1=0.8795  ECE=0.0169
2026-04-24 20:44:28 | INFO     | src.pipeline.fold_runner | Fold 4 | p_final                        macro_F1=0.6602  weighted_F1=0.8910  ECE=0.0184
2026-04-24 20:44:28 | INFO     | src.pipeline.fold_runner | Fold 4 | base_random_forest             macro_F1=0.6017  weighted_F1=0.8834  ECE=0.0288
2026-04-24 20:44:28 | INFO     | src.pipeline.fold_runner | Fold 4 | cal_random_forest              macro_F1=0.6017  weighted_F1=0.8834  ECE=0.0288
2026-04-24 20:44:28 | INFO     | src.pipeline.fold_runner | Fold 4 | base_extra_trees               macro_F1=0.6024  weighted_F1=0.8806  ECE=0.0303
2026-04-24 20:44:28 | INFO     | src.pipeline.fold_runner | Fold 4 | cal_extra_trees                macro_F1=0.6024  weighted_F1=0.8806  ECE=0.0303
2026-04-24 20:44:28 | INFO     | src.pipeline.fold_runner | Fold 4 | base_xgboost                   macro_F1=0.6004  weighted_F1=0.8760  ECE=0.0110
2026-04-24 20:44:28 | INFO     | src.pipeline.fold_runner | Fold 4 | cal_xgboost                    macro_F1=0.6004  weighted_F1=0.8760  ECE=0.0110
2026-04-24 20:44:28 | INFO     | src.pipeline.fold_runner | Fold 4 | base_knn                       macro_F1=0.5156  weighted_F1=0.8455  ECE=0.0395
2026-04-24 20:44:28 | INFO     | src.pipeline.fold_runner | Fold 4 | cal_knn                        macro_F1=0.5156  weighted_F1=0.8455  ECE=0.0395
2026-04-24 20:44:28 | INFO     | src.pipeline.fold_runner | ═══ Final evaluation on locked test set ═══
2026-04-24 20:45:35 | INFO     | src.select.consensus | Consensus selection: chosen_k=50 | top features: ['state', 'service', 'proto', 'load_per_pkt', 'rate_per_pkt']
2026-04-24 20:45:35 | INFO     | src.pipeline.fold_runner | Fold final: Running HP search (n_iter=20, n_cv=3) on 82332 samples, 50 features.
2026-04-24 20:45:35 | INFO     | src.models.tuner | HP search: random_forest         n_iter=20  n_cv=3
2026-04-24 20:47:09 | INFO     | src.models.tuner |   random_forest → score=0.6191  params={'n_estimators': 500, 'min_samples_split': 10, 'max_features': 'sqrt', 'max_depth': 30}
2026-04-24 20:47:09 | INFO     | src.models.tuner | HP search: extra_trees           n_iter=20  n_cv=3
2026-04-24 20:49:06 | INFO     | src.models.tuner |   extra_trees → score=0.6032  params={'n_estimators': 500, 'min_samples_split': 5, 'max_features': 0.3, 'max_depth': 20}
2026-04-24 20:49:06 | INFO     | src.models.tuner | HP search: xgboost               n_iter=20  n_cv=3
2026-04-24 20:52:33 | INFO     | src.models.tuner |   xgboost → score=0.5956  params={'subsample': 1.0, 'n_estimators': 400, 'min_child_weight': 1, 'max_depth': 5, 'learning_rate': 0.1, 'colsample_bytree': 0.7}
2026-04-24 20:52:33 | INFO     | src.models.tuner | HP search: knn                   n_iter=20  n_cv=3
2026-04-24 20:55:31 | INFO     | src.models.tuner |   knn → score=0.5201  params={'n_neighbors': 5, 'metric': 'manhattan'}
2026-04-24 20:55:31 | INFO     | src.pipeline.fold_runner | Fold final: HP search complete. Tuned params: {'random_forest': {'n_estimators': 500, 'min_samples_split': 10, 'max_features': 'sqrt', 'max_depth': 30}, 'extra_trees': {'n_estimators': 500, 'min_samples_split': 5, 'max_features': 0.3, 'max_depth': 20}, 'xgboost': {'subsample': 1.0, 'n_estimators': 400, 'min_child_weight': 1, 'max_depth': 5, 'learning_rate': 0.1, 'colsample_bytree': 0.7}, 'knn': {'n_neighbors': 5, 'metric': 'manhattan'}}
2026-04-24 20:55:31 | INFO     | src.ensemble.combiner | Collecting OOF probabilities (4 models)…
2026-04-24 20:57:37 | INFO     | src.ensemble.weighted_avg | Model random_forest: macro_f1=0.6132 log_loss=0.5916 ECE=0.0345 → raw_w=1.0008
2026-04-24 20:57:37 | INFO     | src.ensemble.weighted_avg | Model extra_trees: macro_f1=0.6067 log_loss=0.3998 ECE=0.0433 → raw_w=1.4517
2026-04-24 20:57:37 | INFO     | src.ensemble.weighted_avg | Model xgboost: macro_f1=0.6022 log_loss=0.2896 ECE=0.0075 → raw_w=2.0635
2026-04-24 20:57:37 | INFO     | src.ensemble.weighted_avg | Model knn: macro_f1=0.5210 log_loss=2.1649 ECE=0.0385 → raw_w=0.2314
2026-04-24 20:57:37 | INFO     | src.ensemble.weighted_avg | Normalised model weights: {'random_forest': 0.16870327389671186, 'extra_trees': 0.264832668459546, 'xgboost': 0.48830148621243935, 'knn': 0.07816257143130277}
2026-04-24 20:57:46 | INFO     | src.ensemble.stacker | MetaStacker fitted. Method: logistic
2026-04-24 20:57:56 | INFO     | src.ensemble.stacker | MetaStacker fitted. Method: logistic
2026-04-24 20:58:05 | INFO     | src.ensemble.stacker | MetaStacker fitted. Method: logistic
2026-04-24 21:06:27 | INFO     | src.ensemble.stacker | Stacker selection: LR Brier=0.0177  GB Brier=0.0115
2026-04-24 21:10:28 | INFO     | src.ensemble.stacker | MetaStacker fitted. Method: gradient_boosting
2026-04-24 21:10:30 | INFO     | src.ensemble.gate | Gate selection: Ridge MSE=0.14458  Tree MSE=0.08178
2026-04-24 21:10:31 | INFO     | src.ensemble.gate | DisagreementGate fitted. Model: tree. β* mean=0.298 std=0.451
2026-04-24 21:10:31 | INFO     | src.ensemble.combiner | Refitting 4 base models on full outer-training set…
2026-04-24 21:10:43 | INFO     | src.ensemble.combiner | EnsembleCombiner.fit() complete.
2026-04-24 21:12:02 | INFO     | src.pipeline.fold_runner | Locked test evaluation complete.
2026-04-24 21:12:02 | INFO     | src.pipeline.fold_runner | Integrity check PASSED: p_final (0.6677) beats p_stack (0.6278) by 0.0399 macro F1 over 5 outer folds.
2026-04-24 21:12:02 | INFO     | src.eval.exporters | Statistical tests:
          baseline  mean_diff  t_pvalue  significant_005
        p_weighted   0.047810    0.0023             True
           p_stack   0.039913    0.0072             True
base_random_forest   0.050868    0.0005             True
 cal_random_forest   0.050868    0.0005             True
  base_extra_trees   0.056867    0.0003             True
   cal_extra_trees   0.056867    0.0003             True
      base_xgboost   0.054752    0.0010             True
       cal_xgboost   0.054752    0.0010             True
          base_knn   0.142864    0.0007             True
           cal_knn   0.142864    0.0007             True
2026-04-24 21:12:11 | INFO     | src.eval.exporters | Agreement error slices:
agreement_level  n_samples  accuracy  macro_f1  frac_of_total
            low        456  0.155702  0.105669         0.0026
         medium      11768  0.328518  0.222982         0.0671
           high     163117  0.796183  0.567423         0.9303
2026-04-24 21:12:11 | INFO     | src.eval.exporters | All artifacts exported to artifacts\20260425_002028_44f098
2026-04-24 21:12:11 | INFO     | src.utils.manifests | Run manifest saved → artifacts\20260425_002028_44f098\run_manifest.yaml (53 artifacts)
2026-04-24 21:12:11 | INFO     | src.pipeline.fold_runner | Run complete. Seed registry: {'outer_cv': 152281357, 'consensus_inner_cv': 1348885167, 'surrogate_rf': 1628432892, 'mi_selector': 762414628, 'rf_importance': 645187618, 'sgd_coef': 1066441412, 'hp_est_random_forest': 1137237236, 'hp_cv_random_forest': 1386215339, 'hp_rscv_random_forest': 630513492, 'hp_est_extra_trees': 803614562, 'hp_cv_extra_trees': 531831583, 'hp_rscv_extra_trees': 242905298, 'hp_est_xgboost': 479950201, 'hp_cv_xgboost': 986287059, 'hp_rscv_xgboost': 275815071, 'hp_est_knn': 672899284, 'hp_cv_knn': 1014956424, 'hp_rscv_knn': 1100441280, 'random_forest': 1852572748, 'extra_trees': 1626454526, 'xgboost': 493307356, 'oof_random_forest': 1218307608, 'oof_extra_trees': 1797460796, 'oof_xgboost': 684680223, 'oof_knn': 473095718, 'stacker_oof': 146674265, 'meta_stacker_lr': 1967862038, 'meta_stacker_gb': 1895340747, 'stacker_sel': 1962279265, 'gate_tree': 756507736}
2026-04-24 21:12:11 | INFO     | __main__ | Pipeline finished. Artifacts at artifacts\20260425_002028_44f098
